[INFO] Scanning for projects...
[INFO] 
[INFO] -------------------< com.hospital:hospital-backend >--------------------
[INFO] Building  0.0.1-SNAPSHOT
[INFO]   from pom.xml
[INFO] --------------------------------[ jar ]---------------------------------
[INFO] 
[INFO] >>> spring-boot:4.1.1:run (default-cli) > test-compile @ hospital-backend >>>
[INFO] 
[INFO] --- resources:3.5.0:resources (default-resources) @ hospital-backend ---
[INFO] Copying 1 resource from src\main\resources to target\classes
[INFO] Copying 0 resource from src\main\resources to target\classes
[INFO] 
[INFO] --- compiler:3.15.0:compile (default-compile) @ hospital-backend ---
[INFO] Nothing to compile - all classes are up to date.
[INFO] 
[INFO] --- resources:3.5.0:testResources (default-testResources) @ hospital-backend ---
[INFO] skip non existing resourceDirectory C:\Users\AnandhaKrishnan\OneDrive\Desktop\HMS\hospital-backend\hospital-backend\src\test\resources
[INFO] 
[INFO] --- compiler:3.15.0:testCompile (default-testCompile) @ hospital-backend ---
[INFO] Nothing to compile - all classes are up to date.
[INFO] 
[INFO] <<< spring-boot:4.1.1:run (default-cli) < test-compile @ hospital-backend <<<
[INFO] 
[INFO] 
[INFO] --- spring-boot:4.1.1:run (default-cli) @ hospital-backend ---
[INFO] Attaching agents: []

  .   ____          _            __ _ _
 /\\ / ___'_ __ _ _(_)_ __  __ _ \ \ \ \
( ( )\___ | '_ | '_| | '_ \/ _` | \ \ \ \
 \\/  ___)| |_)| | | | | || (_| |  ) ) ) )
  '  |____| .__|_| |_|_| |_\__, | / / / /
 =========|_|==============|___/=/_/_/_/

 :: Spring Boot ::                (v4.1.1)

2026-09-20T22:54:20.692+05:30  INFO 33124 --- [           main] h.HospitalBackendApplication             : Starting HospitalBackendApplication using Java 25.0.2 with PID 33124 (C:\Users\AnandhaKrishnan\OneDrive\Desktop\HMS\hospital-backend\hospital-backend\target\classes started by AnandhaKrishnan in C:\Users\AnandhaKrishnan\OneDrive\Desktop\HMS\hospital-backend\hospital-backend)
2026-09-20T22:54:20.697+05:30  INFO 33124 --- [           main] h.HospitalBackendApplication             : No active profile set, falling back to 1 default profile: "default"
2026-09-20T22:54:21.829+05:30  INFO 33124 --- [           main] .s.d.r.c.RepositoryConfigurationDelegate : Bootstrapping Spring Data JPA repositories in DEFAULT mode.
2026-09-20T22:54:22.011+05:30  INFO 33124 --- [           main] .s.d.r.c.RepositoryConfigurationDelegate : Finished Spring Data repository scanning in 170 ms. Found 15 JPA repository interfaces.
2026-09-20T22:54:23.132+05:30  INFO 33124 --- [           main] o.s.boot.tomcat.TomcatWebServer          : Tomcat initialized with port 8080 (http)
2026-09-20T22:54:23.162+05:30  INFO 33124 --- [           main] o.apache.catalina.core.StandardService   : Starting service [Tomcat]
2026-09-20T22:54:23.162+05:30  INFO 33124 --- [           main] o.apache.catalina.core.StandardEngine    : Starting Servlet engine: [Apache Tomcat/11.0.24]
2026-09-20T22:54:23.262+05:30  INFO 33124 --- [           main] b.w.c.s.WebApplicationContextInitializer : Root WebApplicationContext: initialization completed in 2432 ms
2026-09-20T22:54:23.614+05:30  INFO 33124 --- [           main] org.hibernate.orm.jpa                    : HHH008540: Processing PersistenceUnitInfo [name: default]
2026-09-20T22:54:23.736+05:30  INFO 33124 --- [           main] org.hibernate.orm.core                   : HHH000001: Hibernate ORM core version 7.4.5.Final
2026-09-20T22:54:24.638+05:30  INFO 33124 --- [           main] o.s.o.j.p.SpringPersistenceUnitInfo      : No LoadTimeWeaver setup: ignoring JPA class transformer
2026-09-20T22:54:24.687+05:30  INFO 33124 --- [           main] com.zaxxer.hikari.HikariDataSource       : HikariPool-1 - Starting...
2026-09-20T22:54:25.385+05:30  INFO 33124 --- [           main] com.zaxxer.hikari.pool.HikariPool        : HikariPool-1 - Added connection com.mysql.cj.jdbc.ConnectionImpl@7b52b18a
2026-09-20T22:54:25.388+05:30  INFO 33124 --- [           main] com.zaxxer.hikari.HikariDataSource       : HikariPool-1 - Start completed.
2026-09-20T22:54:25.517+05:30  INFO 33124 --- [           main] org.hibernate.orm.connections.pooling    : HHH10001005: Database info:
	Database JDBC URL [jdbc:mysql://localhost:3306/hospital_erp]
	Database driver: MySQL Connector/J
	Database dialect: MySQLDialect
	Database version: 8.0.45
	Default catalog/schema: hospital_erp/undefined
	Autocommit mode: undefined/unknown
	Isolation level: REPEATABLE_READ [default REPEATABLE_READ]
	JDBC fetch size: none
	Pool: DataSourceConnectionProvider
	Minimum pool size: undefined/unknown
	Maximum pool size: undefined/unknown
2026-09-20T22:54:27.626+05:30  INFO 33124 --- [           main] org.hibernate.orm.core                   : HHH000489: No JTA platform available (set 'hibernate.transaction.jta.platform' to enable JTA platform integration)
2026-09-20T22:54:27.786+05:30  INFO 33124 --- [           main] j.LocalContainerEntityManagerFactoryBean : Initialized JPA EntityManagerFactory for persistence unit 'default'
2026-09-20T22:54:27.936+05:30  INFO 33124 --- [           main] o.s.d.j.r.query.QueryEnhancerFactories   : Hibernate is in classpath; If applicable, HQL parser will be used.
2026-09-20T22:54:29.350+05:30  INFO 33124 --- [           main] o.s.boot.tomcat.TomcatWebServer          : Tomcat started on port 8080 (http) with context path '/'
2026-09-20T22:54:29.360+05:30  INFO 33124 --- [           main] h.HospitalBackendApplication             : Started HospitalBackendApplication in 9.491 seconds (process running for 10.083)
2026-09-20T22:54:29.907+05:30  INFO 33124 --- [nio-8080-exec-1] o.a.c.c.C.[Tomcat].[localhost].[/]       : Initializing Spring DispatcherServlet 'dispatcherServlet'
2026-09-20T22:54:29.908+05:30  INFO 33124 --- [nio-8080-exec-1] o.s.web.servlet.DispatcherServlet        : Initializing Servlet 'dispatcherServlet'
2026-09-20T22:54:29.909+05:30  INFO 33124 --- [nio-8080-exec-1] o.s.web.servlet.DispatcherServlet        : Completed initialization in 1 ms
[INFO] ------------------------------------------------------------------------
[INFO] BUILD FAILURE
[INFO] ------------------------------------------------------------------------
[INFO] Total time:  29:30 min
[INFO] Finished at: 2026-09-20T23:23:47+05:30
[INFO] ------------------------------------------------------------------------
[ERROR] Failed to execute goal org.springframework.boot:spring-boot-maven-plugin:4.1.1:run (default-cli) on project hospital-backend: Process terminated with exit code: -1 -> [Help 1]
[ERROR] 
[ERROR] To see the full stack trace of the errors, re-run Maven with the -e switch.
[ERROR] Re-run Maven using the -X switch to enable full debug logging.
[ERROR] 
[ERROR] For more information about the errors and possible solutions, please read the following articles:
[ERROR] [Help 1] http://cwiki.apache.org/confluence/display/MAVEN/MojoExecutionException
