2026-09-03 12:18:08.813: [INFO] CurrentProfilePath: C:\Users\AnandhaKrishnan\OneDrive\Desktop\HMS\.metadata\.plugins\org.eclipse.swt\EBWebView\Default
2026-09-03 12:18:08.813: [INFO] Profiles total count: 1
2026-09-03 12:18:08.813: [INFO] Profile: name=Profile 1 path=C:\Users\AnandhaKrishnan\OneDrive\Desktop\HMS\.metadata\.plugins\org.eclipse.swt\EBWebView\Default lastActive=null
2026-09-03 12:18:08.813: [INFO] LastUsedProfileDir: C:\Users\AnandhaKrishnan\OneDrive\Desktop\HMS\.metadata\.plugins\org.eclipse.swt\EBWebView\Default
2026-09-03 12:18:08.813: [INFO] OnDoneLoading sync enabled: 0
2026-09-03 12:18:08.813: [INFO] BookmarkModelLoaded, ids_reassigned: 0
2026-09-03 12:18:08.813: [INFO] BookmarksLoadDropped droppedNodes=0
2026-09-03 12:18:08.813: [INFO] BookmarksSnapshot Startup total=0 bar=0 other=0 mobile=0 showBar=0 showBarNTP=1
2026-09-03 12:18:58.319: [INFO] BookmarksSnapshot Shutdown total=0 bar=0 other=0 mobile=0 showBar=0 showBarNTP=1
2026-09-09 04:42:04.680: [INFO] CurrentProfilePath: C:\Users\AnandhaKrishnan\OneDrive\Desktop\HMS\.metadata\.plugins\org.eclipse.swt\EBWebView\Default
2026-09-09 04:42:04.680: [INFO] Profiles total count: 1
2026-09-09 04:42:04.680: [INFO] Profile: name=Profile 1 path=C:\Users\AnandhaKrishnan\OneDrive\Desktop\HMS\.metadata\.plugins\org.eclipse.swt\EBWebView\Default lastActive=2026-09-03T12:18:54.910Z
2026-09-09 04:42:04.680: [INFO] LastUsedProfileDir: C:\Users\AnandhaKrishnan\OneDrive\Desktop\HMS\.metadata\.plugins\org.eclipse.swt\EBWebView\Default
2026-09-09 04:42:04.680: [INFO] MostRecentlyActiveProfile: name=Profile 1 path=C:\Users\AnandhaKrishnan\OneDrive\Desktop\HMS\.metadata\.plugins\org.eclipse.swt\EBWebView\Default lastActive=2026-09-03T12:18:54.910Z
2026-09-09 04:42:04.680: [INFO] OnDoneLoading sync enabled: 0
2026-09-09 04:42:04.680: [INFO] BookmarkModelLoaded, ids_reassigned: 0
2026-09-09 04:42:04.680: [INFO] BookmarksLoadDropped droppedNodes=0
2026-09-09 04:42:04.680: [INFO] BookmarksSnapshot Startup total=0 bar=0 other=0 mobile=0 showBar=0 showBarNTP=1
2026-09-10 13:03:37.809: [INFO] BookmarksSnapshot Shutdown total=0 bar=0 other=0 mobile=0 showBar=0 showBarNTP=1
2026-09-18 13:24:31.473: [INFO] CurrentProfilePath: C:\Users\AnandhaKrishnan\OneDrive\Desktop\HMS\.metadata\.plugins\org.eclipse.swt\EBWebView\Default
2026-09-18 13:24:31.473: [INFO] Profiles total count: 1
2026-09-18 13:24:31.473: [INFO] Profile: name=Profile 1 path=C:\Users\AnandhaKrishnan\OneDrive\Desktop\HMS\.metadata\.plugins\org.eclipse.swt\EBWebView\Default lastActive=2026-09-03T12:18:54.910Z
2026-09-18 13:24:31.473: [INFO] LastUsedProfileDir: C:\Users\AnandhaKrishnan\OneDrive\Desktop\HMS\.metadata\.plugins\org.eclipse.swt\EBWebView\Default
2026-09-18 13:24:31.473: [INFO] MostRecentlyActiveProfile: name=Profile 1 path=C:\Users\AnandhaKrishnan\OneDrive\Desktop\HMS\.metadata\.plugins\org.eclipse.swt\EBWebView\Default lastActive=2026-09-03T12:18:54.910Z
2026-09-18 13:24:31.473: [INFO] OnDoneLoading sync enabled: 0
2026-09-18 13:24:31.473: [INFO] BookmarkModelLoaded, ids_reassigned: 0
2026-09-18 13:24:31.473: [INFO] BookmarksLoadDropped droppedNodes=0
2026-09-18 13:24:31.473: [INFO] BookmarksSnapshot Startup total=0 bar=0 other=0 mobile=0 showBar=0 showBarNTP=1
2026-09-19 20:30:10.183: [INFO] BookmarksSnapshot Shutdown total=0 bar=0 other=0 mobile=0 showBar=0 showBarNTP=1
2026-09-20 17:49:28.119: [INFO] CurrentProfilePath: C:\Users\AnandhaKrishnan\OneDrive\Desktop\HMS\.metadata\.plugins\org.eclipse.swt\EBWebView\Default
2026-09-20 17:49:28.119: [INFO] Profiles total count: 1
2026-09-20 17:49:28.120: [INFO] Profile: name=Profile 1 path=C:\Users\AnandhaKrishnan\OneDrive\Desktop\HMS\.metadata\.plugins\org.eclipse.swt\EBWebView\Default lastActive=2026-09-03T12:18:54.910Z
2026-09-20 17:49:28.120: [INFO] LastUsedProfileDir: C:\Users\AnandhaKrishnan\OneDrive\Desktop\HMS\.metadata\.plugins\org.eclipse.swt\EBWebView\Default
2026-09-20 17:49:28.120: [INFO] MostRecentlyActiveProfile: name=Profile 1 path=C:\Users\AnandhaKrishnan\OneDrive\Desktop\HMS\.metadata\.plugins\org.eclipse.swt\EBWebView\Default lastActive=2026-09-03T12:18:54.910Z
2026-09-20 17:49:28.120: [INFO] OnDoneLoading sync enabled: 0
2026-09-20 17:49:28.120: [INFO] BookmarkModelLoaded, ids_reassigned: 0
2026-09-20 17:49:28.120: [INFO] BookmarksLoadDropped droppedNodes=0
2026-09-20 17:49:28.120: [INFO] BookmarksSnapshot Startup total=0 bar=0 other=0 mobile=0 showBar=0 showBarNTP=1
2026-09-20 17:51:41.278: [INFO] BookmarksSnapshot Shutdown total=0 bar=0 other=0 mobile=0 showBar=0 showBarNTP=1
2026-09-20 17:51:50.023: [INFO] CurrentProfilePath: C:\Users\AnandhaKrishnan\OneDrive\Desktop\HMS\.metadata\.plugins\org.eclipse.swt\EBWebView\Default
2026-09-20 17:51:50.023: [INFO] Profiles total count: 1
2026-09-20 17:51:50.023: [INFO] Profile: name=Profile 1 path=C:\Users\AnandhaKrishnan\OneDrive\Desktop\HMS\.metadata\.plugins\org.eclipse.swt\EBWebView\Default lastActive=2026-09-03T12:18:54.910Z
2026-09-20 17:51:50.023: [INFO] LastUsedProfileDir: C:\Users\AnandhaKrishnan\OneDrive\Desktop\HMS\.metadata\.plugins\org.eclipse.swt\EBWebView\Default
2026-09-20 17:51:50.023: [INFO] MostRecentlyActiveProfile: name=Profile 1 path=C:\Users\AnandhaKrishnan\OneDrive\Desktop\HMS\.metadata\.plugins\org.eclipse.swt\EBWebView\Default lastActive=2026-09-03T12:18:54.910Z
2026-09-20 17:51:50.023: [INFO] OnDoneLoading sync enabled: 0
2026-09-20 17:51:50.023: [INFO] BookmarkModelLoaded, ids_reassigned: 0
2026-09-20 17:51:50.023: [INFO] BookmarksLoadDropped droppedNodes=0
2026-09-20 17:51:50.023: [INFO] BookmarksSnapshot Startup total=0 bar=0 other=0 mobile=0 showBar=0 showBarNTP=1
2026-09-20 17:52:16.685: [INFO] BookmarksSnapshot Shutdown total=0 bar=0 other=0 mobile=0 showBar=0 showBarNTP=1
2026-09-20 18:09:14.258: [INFO] CurrentProfilePath: C:\Users\AnandhaKrishnan\OneDrive\Desktop\HMS\.metadata\.plugins\org.eclipse.swt\EBWebView\Default
2026-09-20 18:09:14.258: [INFO] Profiles total count: 1
2026-09-20 18:09:14.258: [INFO] Profile: name=Profile 1 path=C:\Users\AnandhaKrishnan\OneDrive\Desktop\HMS\.metadata\.plugins\org.eclipse.swt\EBWebView\Default lastActive=2026-09-03T12:18:54.910Z
2026-09-20 18:09:14.258: [INFO] LastUsedProfileDir: C:\Users\AnandhaKrishnan\OneDrive\Desktop\HMS\.metadata\.plugins\org.eclipse.swt\EBWebView\Default
2026-09-20 18:09:14.258: [INFO] MostRecentlyActiveProfile: name=Profile 1 path=C:\Users\AnandhaKrishnan\OneDrive\Desktop\HMS\.metadata\.plugins\org.eclipse.swt\EBWebView\Default lastActive=2026-09-03T12:18:54.910Z
2026-09-20 18:09:14.258: [INFO] OnDoneLoading sync enabled: 0
2026-09-20 18:09:14.258: [INFO] BookmarkModelLoaded, ids_reassigned: 0
2026-09-20 18:09:14.258: [INFO] BookmarksLoadDropped droppedNodes=0
2026-09-20 18:09:14.258: [INFO] BookmarksSnapshot Startup total=0 bar=0 other=0 mobile=0 showBar=0 showBarNTP=1
2026-09-20 18:12:29.904: [INFO] BookmarksSnapshot Shutdown total=0 bar=0 other=0 mobile=0 showBar=0 showBarNTP=1
